// Jest Snapshot v1, https://goo.gl/fbAQLP

exports[`PortfolioGrid renders correctly 1`] = `
<div
  className="portfolio-grid"
  style={
    Object {
      "marginTop": "115px",
    }
  }
>
  <div
    className="portfolio portfolio--wrapped portfolio-grid justify-content-around"
  >
    <div
      style={Object {}}
    >
      <div
        className="transition-border portfolio__item max-dimensions-is-screen portfolio-grid__portfolio__item"
        style={Object {}}
      >
        <button
          onClick={[Function]}
        >
          <img
            alt="Boon Investments"
            className="portfolio__item__image"
            sizes="(max-width: 250px) 95vw, 250px"
            src="https://johnborkowski.me/images/boon-investments-250.jpg"
            srcSet="https://johnborkowski.me/images/boon-investments-250.jpg 250w,
                      https://johnborkowski.me/images/boon-investments-500.jpg 500w,
                      https://johnborkowski.me/images/boon-investments-750.jpg 750w"
          />
          <div
            className="portfolio__item__desc"
          >
            <div
              className="portfolio__item__desc__title"
            >
              <h4
                className="is-animated"
              >
                Boon Investments
              </h4>
            </div>
            <div
              className="portfolio__item__desc__skills"
            >
              <h5
                className=""
              >
                UI/UX | Swift | Python
              </h5>
            </div>
          </div>
        </button>
      </div>
    </div>
    <div
      style={Object {}}
    >
      <div
        className="transition-border portfolio__item max-dimensions-is-screen portfolio-grid__portfolio__item"
        style={Object {}}
      >
        <button
          onClick={[Function]}
        >
          <img
            alt="RIA Portal"
            className="portfolio__item__image"
            sizes="(max-width: 250px) 95vw, 250px"
            src="https://johnborkowski.me/images/auto-oms-250.jpg"
            srcSet="https://johnborkowski.me/images/auto-oms-250.jpg 250w,
                      https://johnborkowski.me/images/auto-oms-500.jpg 500w,
                      https://johnborkowski.me/images/auto-oms-750.jpg 750w"
          />
          <div
            className="portfolio__item__desc"
          >
            <div
              className="portfolio__item__desc__title"
            >
              <h4
                className="is-animated"
              >
                RIA Portal
              </h4>
            </div>
            <div
              className="portfolio__item__desc__skills"
            >
              <h5
                className=""
              >
                UI/UX | Angular | AWS
              </h5>
            </div>
          </div>
        </button>
      </div>
    </div>
    <div
      style={Object {}}
    >
      <div
        className="transition-border portfolio__item max-dimensions-is-screen portfolio-grid__portfolio__item"
        style={Object {}}
      >
        <button
          onClick={[Function]}
        >
          <img
            alt="White Label Apps"
            className="portfolio__item__image"
            sizes="(max-width: 250px) 95vw, 250px"
            src="https://johnborkowski.me/images/oshares-250.jpg"
            srcSet="https://johnborkowski.me/images/oshares-250.jpg 250w,
                      https://johnborkowski.me/images/oshares-500.jpg 500w,
                      https://johnborkowski.me/images/oshares-750.jpg 750w"
          />
          <div
            className="portfolio__item__desc"
          >
            <div
              className="portfolio__item__desc__title"
            >
              <h4
                className="is-animated"
              >
                White Label Apps
              </h4>
            </div>
            <div
              className="portfolio__item__desc__skills"
            >
              <h5
                className=""
              >
                Swift | Partnerships
              </h5>
            </div>
          </div>
        </button>
      </div>
    </div>
    <div
      style={Object {}}
    >
      <div
        className="transition-border portfolio__item max-dimensions-is-screen portfolio-grid__portfolio__item"
        style={Object {}}
      >
        <button
          onClick={[Function]}
        >
          <img
            alt="AutoPOOL"
            className="portfolio__item__image"
            sizes="(max-width: 250px) 95vw, 250px"
            src="https://johnborkowski.me/images/autopool-250.jpg"
            srcSet="https://johnborkowski.me/images/autopool-250.jpg 250w,
                      https://johnborkowski.me/images/autopool-500.jpg 500w,
                      https://johnborkowski.me/images/autopool-750.jpg 750w"
          />
          <div
            className="portfolio__item__desc"
          >
            <div
              className="portfolio__item__desc__title"
            >
              <h4
                className="is-animated"
              >
                AutoPOOL
              </h4>
            </div>
            <div
              className="portfolio__item__desc__skills"
            >
              <h5
                className=""
              >
                UI/UX | Swift | App Engine
              </h5>
            </div>
          </div>
        </button>
      </div>
    </div>
    <div
      style={Object {}}
    >
      <div
        className="transition-border portfolio__item max-dimensions-is-screen portfolio-grid__portfolio__item"
        style={Object {}}
      >
        <button
          onClick={[Function]}
        >
          <img
            alt="Bank of America"
            className="portfolio__item__image"
            sizes="(max-width: 250px) 95vw, 250px"
            src="https://johnborkowski.me/images/bank-of-america-250.jpg"
            srcSet="https://johnborkowski.me/images/bank-of-america-250.jpg 250w,
                      https://johnborkowski.me/images/bank-of-america-500.jpg 500w,
                      https://johnborkowski.me/images/bank-of-america-750.jpg 750w"
          />
          <div
            className="portfolio__item__desc"
          >
            <div
              className="portfolio__item__desc__title"
            >
              <h4
                className="is-animated"
              >
                Bank of America
              </h4>
            </div>
            <div
              className="portfolio__item__desc__skills"
            >
              <h5
                className=""
              >
                Modeling | Forecasting
              </h5>
            </div>
          </div>
        </button>
      </div>
    </div>
    <div
      style={Object {}}
    >
      <div
        className="transition-border portfolio__item max-dimensions-is-screen portfolio-grid__portfolio__item"
        style={Object {}}
      >
        <button
          onClick={[Function]}
        >
          <img
            alt="SunRun"
            className="portfolio__item__image"
            sizes="(max-width: 250px) 95vw, 250px"
            src="https://johnborkowski.me/images/sunrun-250.jpg"
            srcSet="https://johnborkowski.me/images/sunrun-250.jpg 250w,
                      https://johnborkowski.me/images/sunrun-500.jpg 500w,
                      https://johnborkowski.me/images/sunrun-750.jpg 750w"
          />
          <div
            className="portfolio__item__desc"
          >
            <div
              className="portfolio__item__desc__title"
            >
              <h4
                className="is-animated"
              >
                SunRun
              </h4>
            </div>
            <div
              className="portfolio__item__desc__skills"
            >
              <h5
                className=""
              >
                FP&A | IPO
              </h5>
            </div>
          </div>
        </button>
      </div>
    </div>
  </div>
</div>
`;
